<html>
<body>
<pre>
<h1>µVision Build Log</h1>
<h2>Project:</h2>
C:\Users\camer\Documents\uC\Tiva\Projects\Morse_Code_Generator\Morse_Code_Generator.uvproj
Project File Date:  07/12/2022

<h2>Output:</h2>
Build target 'Morse Code Generator'
compiling Morse.c...
linking...
Program Size: Code=5360 RO-data=1164 RW-data=20 ZI-data=772  
".\Morse_Code_Ex.axf" - 0 Error(s), 0 Warning(s).
Load "C:\\Users\\camer\\Documents\\uC\\Tiva\\Projects\\Morse_Code_Generator\\Morse_Code_Ex.axf" 
Connecting: Mode=JTAG, Speed=1000000Hz
Connection failed!, error code=&d
Error: Flash Download failed  -  Target DLL has been cancelled
Clean started: Project: 'Morse_Code_Generator'
   deleting intermediate output files for target 'Morse Code Generator'
</pre>
</body>
</html>
